<testsuites id="" name="" tests="40" failures="40" skipped="0" errors="0" time="50.347432999999995">
<testsuite name="performance.spec.ts" timestamp="2025-09-03T13:35:43.525Z" hostname="chromium" tests="8" failures="8" skipped="0" time="0.154" errors="0">
<testcase name="Performance Tests › should load homepage within performance budget" classname="performance.spec.ts" time="0.015">
<failure message="performance.spec.ts:4:7 should load homepage within performance budget" type="FAILURE">
<![CDATA[  [chromium] › performance.spec.ts:4:7 › Performance Tests › should load homepage within performance budget 

    Error: browserType.launch: Executable doesn't exist at C:\Users\Zummit\AppData\Local\ms-playwright\chromium_headless_shell-1187\chrome-win\headless_shell.exe
    ╔═════════════════════════════════════════════════════════════════════════╗
    ║ Looks like Playwright Test or Playwright was just installed or updated. ║
    ║ Please run the following command to download new browsers:              ║
    ║                                                                         ║
    ║     npx playwright install                                              ║
    ║                                                                         ║
    ║ <3 Playwright Team                                                      ║
    ╚═════════════════════════════════════════════════════════════════════════╝
]]>
</failure>
</testcase>
<testcase name="Performance Tests › should load inventory page efficiently" classname="performance.spec.ts" time="0.023">
<failure message="performance.spec.ts:41:7 should load inventory page efficiently" type="FAILURE">
<![CDATA[  [chromium] › performance.spec.ts:41:7 › Performance Tests › should load inventory page efficiently 

    Error: browserType.launch: Executable doesn't exist at C:\Users\Zummit\AppData\Local\ms-playwright\chromium_headless_shell-1187\chrome-win\headless_shell.exe
    ╔═════════════════════════════════════════════════════════════════════════╗
    ║ Looks like Playwright Test or Playwright was just installed or updated. ║
    ║ Please run the following command to download new browsers:              ║
    ║                                                                         ║
    ║     npx playwright install                                              ║
    ║                                                                         ║
    ║ <3 Playwright Team                                                      ║
    ╚═════════════════════════════════════════════════════════════════════════╝
]]>
</failure>
</testcase>
<testcase name="Performance Tests › should handle vehicle detail page performance" classname="performance.spec.ts" time="0.021">
<failure message="performance.spec.ts:78:7 should handle vehicle detail page performance" type="FAILURE">
<![CDATA[  [chromium] › performance.spec.ts:78:7 › Performance Tests › should handle vehicle detail page performance 

    Error: browserType.launch: Executable doesn't exist at C:\Users\Zummit\AppData\Local\ms-playwright\chromium_headless_shell-1187\chrome-win\headless_shell.exe
    ╔═════════════════════════════════════════════════════════════════════════╗
    ║ Looks like Playwright Test or Playwright was just installed or updated. ║
    ║ Please run the following command to download new browsers:              ║
    ║                                                                         ║
    ║     npx playwright install                                              ║
    ║                                                                         ║
    ║ <3 Playwright Team                                                      ║
    ╚═════════════════════════════════════════════════════════════════════════╝
]]>
</failure>
</testcase>
<testcase name="Performance Tests › should maintain performance during navigation" classname="performance.spec.ts" time="0.016">
<failure message="performance.spec.ts:120:7 should maintain performance during navigation" type="FAILURE">
<![CDATA[  [chromium] › performance.spec.ts:120:7 › Performance Tests › should maintain performance during navigation 

    Error: browserType.launch: Executable doesn't exist at C:\Users\Zummit\AppData\Local\ms-playwright\chromium_headless_shell-1187\chrome-win\headless_shell.exe
    ╔═════════════════════════════════════════════════════════════════════════╗
    ║ Looks like Playwright Test or Playwright was just installed or updated. ║
    ║ Please run the following command to download new browsers:              ║
    ║                                                                         ║
    ║     npx playwright install                                              ║
    ║                                                                         ║
    ║ <3 Playwright Team                                                      ║
    ╚═════════════════════════════════════════════════════════════════════════╝
]]>
</failure>
</testcase>
<testcase name="Performance Tests › should handle mobile performance" classname="performance.spec.ts" time="0.015">
<failure message="performance.spec.ts:141:7 should handle mobile performance" type="FAILURE">
<![CDATA[  [chromium] › performance.spec.ts:141:7 › Performance Tests › should handle mobile performance ────

    Error: browserType.launch: Executable doesn't exist at C:\Users\Zummit\AppData\Local\ms-playwright\chromium_headless_shell-1187\chrome-win\headless_shell.exe
    ╔═════════════════════════════════════════════════════════════════════════╗
    ║ Looks like Playwright Test or Playwright was just installed or updated. ║
    ║ Please run the following command to download new browsers:              ║
    ║                                                                         ║
    ║     npx playwright install                                              ║
    ║                                                                         ║
    ║ <3 Playwright Team                                                      ║
    ╚═════════════════════════════════════════════════════════════════════════╝
]]>
</failure>
</testcase>
<testcase name="Performance Tests › should handle search and filtering performance" classname="performance.spec.ts" time="0.017">
<failure message="performance.spec.ts:164:7 should handle search and filtering performance" type="FAILURE">
<![CDATA[  [chromium] › performance.spec.ts:164:7 › Performance Tests › should handle search and filtering performance 

    Error: browserType.launch: Executable doesn't exist at C:\Users\Zummit\AppData\Local\ms-playwright\chromium_headless_shell-1187\chrome-win\headless_shell.exe
    ╔═════════════════════════════════════════════════════════════════════════╗
    ║ Looks like Playwright Test or Playwright was just installed or updated. ║
    ║ Please run the following command to download new browsers:              ║
    ║                                                                         ║
    ║     npx playwright install                                              ║
    ║                                                                         ║
    ║ <3 Playwright Team                                                      ║
    ╚═════════════════════════════════════════════════════════════════════════╝
]]>
</failure>
</testcase>
<testcase name="Performance Tests › should handle image optimization" classname="performance.spec.ts" time="0.02">
<failure message="performance.spec.ts:198:7 should handle image optimization" type="FAILURE">
<![CDATA[  [chromium] › performance.spec.ts:198:7 › Performance Tests › should handle image optimization ────

    Error: browserType.launch: Executable doesn't exist at C:\Users\Zummit\AppData\Local\ms-playwright\chromium_headless_shell-1187\chrome-win\headless_shell.exe
    ╔═════════════════════════════════════════════════════════════════════════╗
    ║ Looks like Playwright Test or Playwright was just installed or updated. ║
    ║ Please run the following command to download new browsers:              ║
    ║                                                                         ║
    ║     npx playwright install                                              ║
    ║                                                                         ║
    ║ <3 Playwright Team                                                      ║
    ╚═════════════════════════════════════════════════════════════════════════╝
]]>
</failure>
</testcase>
<testcase name="Performance Tests › should handle service worker functionality" classname="performance.spec.ts" time="0.027">
<failure message="performance.spec.ts:216:7 should handle service worker functionality" type="FAILURE">
<![CDATA[  [chromium] › performance.spec.ts:216:7 › Performance Tests › should handle service worker functionality 

    Error: browserType.launch: Executable doesn't exist at C:\Users\Zummit\AppData\Local\ms-playwright\chromium_headless_shell-1187\chrome-win\headless_shell.exe
    ╔═════════════════════════════════════════════════════════════════════════╗
    ║ Looks like Playwright Test or Playwright was just installed or updated. ║
    ║ Please run the following command to download new browsers:              ║
    ║                                                                         ║
    ║     npx playwright install                                              ║
    ║                                                                         ║
    ║ <3 Playwright Team                                                      ║
    ╚═════════════════════════════════════════════════════════════════════════╝
]]>
</failure>
</testcase>
</testsuite>
<testsuite name="performance.spec.ts" timestamp="2025-09-03T13:35:43.525Z" hostname="firefox" tests="8" failures="8" skipped="0" time="0.382" errors="0">
<testcase name="Performance Tests › should load homepage within performance budget" classname="performance.spec.ts" time="0.025">
<failure message="performance.spec.ts:4:7 should load homepage within performance budget" type="FAILURE">
<![CDATA[  [firefox] › performance.spec.ts:4:7 › Performance Tests › should load homepage within performance budget 

    Error: browserType.launch: Executable doesn't exist at C:\Users\Zummit\AppData\Local\ms-playwright\firefox-1490\firefox\firefox.exe
    ╔═════════════════════════════════════════════════════════════════════════╗
    ║ Looks like Playwright Test or Playwright was just installed or updated. ║
    ║ Please run the following command to download new browsers:              ║
    ║                                                                         ║
    ║     npx playwright install                                              ║
    ║                                                                         ║
    ║ <3 Playwright Team                                                      ║
    ╚═════════════════════════════════════════════════════════════════════════╝
]]>
</failure>
</testcase>
<testcase name="Performance Tests › should load inventory page efficiently" classname="performance.spec.ts" time="0.019">
<failure message="performance.spec.ts:41:7 should load inventory page efficiently" type="FAILURE">
<![CDATA[  [firefox] › performance.spec.ts:41:7 › Performance Tests › should load inventory page efficiently 

    Error: browserType.launch: Executable doesn't exist at C:\Users\Zummit\AppData\Local\ms-playwright\firefox-1490\firefox\firefox.exe
    ╔═════════════════════════════════════════════════════════════════════════╗
    ║ Looks like Playwright Test or Playwright was just installed or updated. ║
    ║ Please run the following command to download new browsers:              ║
    ║                                                                         ║
    ║     npx playwright install                                              ║
    ║                                                                         ║
    ║ <3 Playwright Team                                                      ║
    ╚═════════════════════════════════════════════════════════════════════════╝
]]>
</failure>
</testcase>
<testcase name="Performance Tests › should handle vehicle detail page performance" classname="performance.spec.ts" time="0.022">
<failure message="performance.spec.ts:78:7 should handle vehicle detail page performance" type="FAILURE">
<![CDATA[  [firefox] › performance.spec.ts:78:7 › Performance Tests › should handle vehicle detail page performance 

    Error: browserType.launch: Executable doesn't exist at C:\Users\Zummit\AppData\Local\ms-playwright\firefox-1490\firefox\firefox.exe
    ╔═════════════════════════════════════════════════════════════════════════╗
    ║ Looks like Playwright Test or Playwright was just installed or updated. ║
    ║ Please run the following command to download new browsers:              ║
    ║                                                                         ║
    ║     npx playwright install                                              ║
    ║                                                                         ║
    ║ <3 Playwright Team                                                      ║
    ╚═════════════════════════════════════════════════════════════════════════╝
]]>
</failure>
</testcase>
<testcase name="Performance Tests › should maintain performance during navigation" classname="performance.spec.ts" time="0.044">
<failure message="performance.spec.ts:120:7 should maintain performance during navigation" type="FAILURE">
<![CDATA[  [firefox] › performance.spec.ts:120:7 › Performance Tests › should maintain performance during navigation 

    Error: browserType.launch: Executable doesn't exist at C:\Users\Zummit\AppData\Local\ms-playwright\firefox-1490\firefox\firefox.exe
    ╔═════════════════════════════════════════════════════════════════════════╗
    ║ Looks like Playwright Test or Playwright was just installed or updated. ║
    ║ Please run the following command to download new browsers:              ║
    ║                                                                         ║
    ║     npx playwright install                                              ║
    ║                                                                         ║
    ║ <3 Playwright Team                                                      ║
    ╚═════════════════════════════════════════════════════════════════════════╝
]]>
</failure>
</testcase>
<testcase name="Performance Tests › should handle mobile performance" classname="performance.spec.ts" time="0.027">
<failure message="performance.spec.ts:141:7 should handle mobile performance" type="FAILURE">
<![CDATA[  [firefox] › performance.spec.ts:141:7 › Performance Tests › should handle mobile performance ─────

    Error: browserType.launch: Executable doesn't exist at C:\Users\Zummit\AppData\Local\ms-playwright\firefox-1490\firefox\firefox.exe
    ╔═════════════════════════════════════════════════════════════════════════╗
    ║ Looks like Playwright Test or Playwright was just installed or updated. ║
    ║ Please run the following command to download new browsers:              ║
    ║                                                                         ║
    ║     npx playwright install                                              ║
    ║                                                                         ║
    ║ <3 Playwright Team                                                      ║
    ╚═════════════════════════════════════════════════════════════════════════╝
]]>
</failure>
</testcase>
<testcase name="Performance Tests › should handle search and filtering performance" classname="performance.spec.ts" time="0.17">
<failure message="performance.spec.ts:164:7 should handle search and filtering performance" type="FAILURE">
<![CDATA[  [firefox] › performance.spec.ts:164:7 › Performance Tests › should handle search and filtering performance 

    Error: browserType.launch: Executable doesn't exist at C:\Users\Zummit\AppData\Local\ms-playwright\firefox-1490\firefox\firefox.exe
    ╔═════════════════════════════════════════════════════════════════════════╗
    ║ Looks like Playwright Test or Playwright was just installed or updated. ║
    ║ Please run the following command to download new browsers:              ║
    ║                                                                         ║
    ║     npx playwright install                                              ║
    ║                                                                         ║
    ║ <3 Playwright Team                                                      ║
    ╚═════════════════════════════════════════════════════════════════════════╝
]]>
</failure>
</testcase>
<testcase name="Performance Tests › should handle image optimization" classname="performance.spec.ts" time="0.042">
<failure message="performance.spec.ts:198:7 should handle image optimization" type="FAILURE">
<![CDATA[  [firefox] › performance.spec.ts:198:7 › Performance Tests › should handle image optimization ─────

    Error: browserType.launch: Executable doesn't exist at C:\Users\Zummit\AppData\Local\ms-playwright\firefox-1490\firefox\firefox.exe
    ╔═════════════════════════════════════════════════════════════════════════╗
    ║ Looks like Playwright Test or Playwright was just installed or updated. ║
    ║ Please run the following command to download new browsers:              ║
    ║                                                                         ║
    ║     npx playwright install                                              ║
    ║                                                                         ║
    ║ <3 Playwright Team                                                      ║
    ╚═════════════════════════════════════════════════════════════════════════╝
]]>
</failure>
</testcase>
<testcase name="Performance Tests › should handle service worker functionality" classname="performance.spec.ts" time="0.033">
<failure message="performance.spec.ts:216:7 should handle service worker functionality" type="FAILURE">
<![CDATA[  [firefox] › performance.spec.ts:216:7 › Performance Tests › should handle service worker functionality 

    Error: browserType.launch: Executable doesn't exist at C:\Users\Zummit\AppData\Local\ms-playwright\firefox-1490\firefox\firefox.exe
    ╔═════════════════════════════════════════════════════════════════════════╗
    ║ Looks like Playwright Test or Playwright was just installed or updated. ║
    ║ Please run the following command to download new browsers:              ║
    ║                                                                         ║
    ║     npx playwright install                                              ║
    ║                                                                         ║
    ║ <3 Playwright Team                                                      ║
    ╚═════════════════════════════════════════════════════════════════════════╝
]]>
</failure>
</testcase>
</testsuite>
<testsuite name="performance.spec.ts" timestamp="2025-09-03T13:35:43.525Z" hostname="webkit" tests="8" failures="8" skipped="0" time="0.201" errors="0">
<testcase name="Performance Tests › should load homepage within performance budget" classname="performance.spec.ts" time="0.039">
<failure message="performance.spec.ts:4:7 should load homepage within performance budget" type="FAILURE">
<![CDATA[  [webkit] › performance.spec.ts:4:7 › Performance Tests › should load homepage within performance budget 

    Error: browserType.launch: Executable doesn't exist at C:\Users\Zummit\AppData\Local\ms-playwright\webkit-2203\Playwright.exe
    ╔═════════════════════════════════════════════════════════════════════════╗
    ║ Looks like Playwright Test or Playwright was just installed or updated. ║
    ║ Please run the following command to download new browsers:              ║
    ║                                                                         ║
    ║     npx playwright install                                              ║
    ║                                                                         ║
    ║ <3 Playwright Team                                                      ║
    ╚═════════════════════════════════════════════════════════════════════════╝
]]>
</failure>
</testcase>
<testcase name="Performance Tests › should load inventory page efficiently" classname="performance.spec.ts" time="0.021">
<failure message="performance.spec.ts:41:7 should load inventory page efficiently" type="FAILURE">
<![CDATA[  [webkit] › performance.spec.ts:41:7 › Performance Tests › should load inventory page efficiently ─

    Error: browserType.launch: Executable doesn't exist at C:\Users\Zummit\AppData\Local\ms-playwright\webkit-2203\Playwright.exe
    ╔═════════════════════════════════════════════════════════════════════════╗
    ║ Looks like Playwright Test or Playwright was just installed or updated. ║
    ║ Please run the following command to download new browsers:              ║
    ║                                                                         ║
    ║     npx playwright install                                              ║
    ║                                                                         ║
    ║ <3 Playwright Team                                                      ║
    ╚═════════════════════════════════════════════════════════════════════════╝
]]>
</failure>
</testcase>
<testcase name="Performance Tests › should handle vehicle detail page performance" classname="performance.spec.ts" time="0.024">
<failure message="performance.spec.ts:78:7 should handle vehicle detail page performance" type="FAILURE">
<![CDATA[  [webkit] › performance.spec.ts:78:7 › Performance Tests › should handle vehicle detail page performance 

    Error: browserType.launch: Executable doesn't exist at C:\Users\Zummit\AppData\Local\ms-playwright\webkit-2203\Playwright.exe
    ╔═════════════════════════════════════════════════════════════════════════╗
    ║ Looks like Playwright Test or Playwright was just installed or updated. ║
    ║ Please run the following command to download new browsers:              ║
    ║                                                                         ║
    ║     npx playwright install                                              ║
    ║                                                                         ║
    ║ <3 Playwright Team                                                      ║
    ╚═════════════════════════════════════════════════════════════════════════╝
]]>
</failure>
</testcase>
<testcase name="Performance Tests › should maintain performance during navigation" classname="performance.spec.ts" time="0.019">
<failure message="performance.spec.ts:120:7 should maintain performance during navigation" type="FAILURE">
<![CDATA[  [webkit] › performance.spec.ts:120:7 › Performance Tests › should maintain performance during navigation 

    Error: browserType.launch: Executable doesn't exist at C:\Users\Zummit\AppData\Local\ms-playwright\webkit-2203\Playwright.exe
    ╔═════════════════════════════════════════════════════════════════════════╗
    ║ Looks like Playwright Test or Playwright was just installed or updated. ║
    ║ Please run the following command to download new browsers:              ║
    ║                                                                         ║
    ║     npx playwright install                                              ║
    ║                                                                         ║
    ║ <3 Playwright Team                                                      ║
    ╚═════════════════════════════════════════════════════════════════════════╝
]]>
</failure>
</testcase>
<testcase name="Performance Tests › should handle mobile performance" classname="performance.spec.ts" time="0.028">
<failure message="performance.spec.ts:141:7 should handle mobile performance" type="FAILURE">
<![CDATA[  [webkit] › performance.spec.ts:141:7 › Performance Tests › should handle mobile performance ──────

    Error: browserType.launch: Executable doesn't exist at C:\Users\Zummit\AppData\Local\ms-playwright\webkit-2203\Playwright.exe
    ╔═════════════════════════════════════════════════════════════════════════╗
    ║ Looks like Playwright Test or Playwright was just installed or updated. ║
    ║ Please run the following command to download new browsers:              ║
    ║                                                                         ║
    ║     npx playwright install                                              ║
    ║                                                                         ║
    ║ <3 Playwright Team                                                      ║
    ╚═════════════════════════════════════════════════════════════════════════╝
]]>
</failure>
</testcase>
<testcase name="Performance Tests › should handle search and filtering performance" classname="performance.spec.ts" time="0.026">
<failure message="performance.spec.ts:164:7 should handle search and filtering performance" type="FAILURE">
<![CDATA[  [webkit] › performance.spec.ts:164:7 › Performance Tests › should handle search and filtering performance 

    Error: browserType.launch: Executable doesn't exist at C:\Users\Zummit\AppData\Local\ms-playwright\webkit-2203\Playwright.exe
    ╔═════════════════════════════════════════════════════════════════════════╗
    ║ Looks like Playwright Test or Playwright was just installed or updated. ║
    ║ Please run the following command to download new browsers:              ║
    ║                                                                         ║
    ║     npx playwright install                                              ║
    ║                                                                         ║
    ║ <3 Playwright Team                                                      ║
    ╚═════════════════════════════════════════════════════════════════════════╝
]]>
</failure>
</testcase>
<testcase name="Performance Tests › should handle image optimization" classname="performance.spec.ts" time="0.022">
<failure message="performance.spec.ts:198:7 should handle image optimization" type="FAILURE">
<![CDATA[  [webkit] › performance.spec.ts:198:7 › Performance Tests › should handle image optimization ──────

    Error: browserType.launch: Executable doesn't exist at C:\Users\Zummit\AppData\Local\ms-playwright\webkit-2203\Playwright.exe
    ╔═════════════════════════════════════════════════════════════════════════╗
    ║ Looks like Playwright Test or Playwright was just installed or updated. ║
    ║ Please run the following command to download new browsers:              ║
    ║                                                                         ║
    ║     npx playwright install                                              ║
    ║                                                                         ║
    ║ <3 Playwright Team                                                      ║
    ╚═════════════════════════════════════════════════════════════════════════╝
]]>
</failure>
</testcase>
<testcase name="Performance Tests › should handle service worker functionality" classname="performance.spec.ts" time="0.022">
<failure message="performance.spec.ts:216:7 should handle service worker functionality" type="FAILURE">
<![CDATA[  [webkit] › performance.spec.ts:216:7 › Performance Tests › should handle service worker functionality 

    Error: browserType.launch: Executable doesn't exist at C:\Users\Zummit\AppData\Local\ms-playwright\webkit-2203\Playwright.exe
    ╔═════════════════════════════════════════════════════════════════════════╗
    ║ Looks like Playwright Test or Playwright was just installed or updated. ║
    ║ Please run the following command to download new browsers:              ║
    ║                                                                         ║
    ║     npx playwright install                                              ║
    ║                                                                         ║
    ║ <3 Playwright Team                                                      ║
    ╚═════════════════════════════════════════════════════════════════════════╝
]]>
</failure>
</testcase>
</testsuite>
<testsuite name="performance.spec.ts" timestamp="2025-09-03T13:35:43.525Z" hostname="Mobile Chrome" tests="8" failures="8" skipped="0" time="0.206" errors="0">
<testcase name="Performance Tests › should load homepage within performance budget" classname="performance.spec.ts" time="0.028">
<failure message="performance.spec.ts:4:7 should load homepage within performance budget" type="FAILURE">
<![CDATA[  [Mobile Chrome] › performance.spec.ts:4:7 › Performance Tests › should load homepage within performance budget 

    Error: browserType.launch: Executable doesn't exist at C:\Users\Zummit\AppData\Local\ms-playwright\chromium_headless_shell-1187\chrome-win\headless_shell.exe
    ╔═════════════════════════════════════════════════════════════════════════╗
    ║ Looks like Playwright Test or Playwright was just installed or updated. ║
    ║ Please run the following command to download new browsers:              ║
    ║                                                                         ║
    ║     npx playwright install                                              ║
    ║                                                                         ║
    ║ <3 Playwright Team                                                      ║
    ╚═════════════════════════════════════════════════════════════════════════╝
]]>
</failure>
</testcase>
<testcase name="Performance Tests › should load inventory page efficiently" classname="performance.spec.ts" time="0.032">
<failure message="performance.spec.ts:41:7 should load inventory page efficiently" type="FAILURE">
<![CDATA[  [Mobile Chrome] › performance.spec.ts:41:7 › Performance Tests › should load inventory page efficiently 

    Error: browserType.launch: Executable doesn't exist at C:\Users\Zummit\AppData\Local\ms-playwright\chromium_headless_shell-1187\chrome-win\headless_shell.exe
    ╔═════════════════════════════════════════════════════════════════════════╗
    ║ Looks like Playwright Test or Playwright was just installed or updated. ║
    ║ Please run the following command to download new browsers:              ║
    ║                                                                         ║
    ║     npx playwright install                                              ║
    ║                                                                         ║
    ║ <3 Playwright Team                                                      ║
    ╚═════════════════════════════════════════════════════════════════════════╝
]]>
</failure>
</testcase>
<testcase name="Performance Tests › should handle vehicle detail page performance" classname="performance.spec.ts" time="0.037">
<failure message="performance.spec.ts:78:7 should handle vehicle detail page performance" type="FAILURE">
<![CDATA[  [Mobile Chrome] › performance.spec.ts:78:7 › Performance Tests › should handle vehicle detail page performance 

    Error: browserType.launch: Executable doesn't exist at C:\Users\Zummit\AppData\Local\ms-playwright\chromium_headless_shell-1187\chrome-win\headless_shell.exe
    ╔═════════════════════════════════════════════════════════════════════════╗
    ║ Looks like Playwright Test or Playwright was just installed or updated. ║
    ║ Please run the following command to download new browsers:              ║
    ║                                                                         ║
    ║     npx playwright install                                              ║
    ║                                                                         ║
    ║ <3 Playwright Team                                                      ║
    ╚═════════════════════════════════════════════════════════════════════════╝
]]>
</failure>
</testcase>
<testcase name="Performance Tests › should maintain performance during navigation" classname="performance.spec.ts" time="0.021">
<failure message="performance.spec.ts:120:7 should maintain performance during navigation" type="FAILURE">
<![CDATA[  [Mobile Chrome] › performance.spec.ts:120:7 › Performance Tests › should maintain performance during navigation 

    Error: browserType.launch: Executable doesn't exist at C:\Users\Zummit\AppData\Local\ms-playwright\chromium_headless_shell-1187\chrome-win\headless_shell.exe
    ╔═════════════════════════════════════════════════════════════════════════╗
    ║ Looks like Playwright Test or Playwright was just installed or updated. ║
    ║ Please run the following command to download new browsers:              ║
    ║                                                                         ║
    ║     npx playwright install                                              ║
    ║                                                                         ║
    ║ <3 Playwright Team                                                      ║
    ╚═════════════════════════════════════════════════════════════════════════╝
]]>
</failure>
</testcase>
<testcase name="Performance Tests › should handle mobile performance" classname="performance.spec.ts" time="0.024">
<failure message="performance.spec.ts:141:7 should handle mobile performance" type="FAILURE">
<![CDATA[  [Mobile Chrome] › performance.spec.ts:141:7 › Performance Tests › should handle mobile performance 

    Error: browserType.launch: Executable doesn't exist at C:\Users\Zummit\AppData\Local\ms-playwright\chromium_headless_shell-1187\chrome-win\headless_shell.exe
    ╔═════════════════════════════════════════════════════════════════════════╗
    ║ Looks like Playwright Test or Playwright was just installed or updated. ║
    ║ Please run the following command to download new browsers:              ║
    ║                                                                         ║
    ║     npx playwright install                                              ║
    ║                                                                         ║
    ║ <3 Playwright Team                                                      ║
    ╚═════════════════════════════════════════════════════════════════════════╝
]]>
</failure>
</testcase>
<testcase name="Performance Tests › should handle search and filtering performance" classname="performance.spec.ts" time="0.028">
<failure message="performance.spec.ts:164:7 should handle search and filtering performance" type="FAILURE">
<![CDATA[  [Mobile Chrome] › performance.spec.ts:164:7 › Performance Tests › should handle search and filtering performance 

    Error: browserType.launch: Executable doesn't exist at C:\Users\Zummit\AppData\Local\ms-playwright\chromium_headless_shell-1187\chrome-win\headless_shell.exe
    ╔═════════════════════════════════════════════════════════════════════════╗
    ║ Looks like Playwright Test or Playwright was just installed or updated. ║
    ║ Please run the following command to download new browsers:              ║
    ║                                                                         ║
    ║     npx playwright install                                              ║
    ║                                                                         ║
    ║ <3 Playwright Team                                                      ║
    ╚═════════════════════════════════════════════════════════════════════════╝
]]>
</failure>
</testcase>
<testcase name="Performance Tests › should handle image optimization" classname="performance.spec.ts" time="0.017">
<failure message="performance.spec.ts:198:7 should handle image optimization" type="FAILURE">
<![CDATA[  [Mobile Chrome] › performance.spec.ts:198:7 › Performance Tests › should handle image optimization 

    Error: browserType.launch: Executable doesn't exist at C:\Users\Zummit\AppData\Local\ms-playwright\chromium_headless_shell-1187\chrome-win\headless_shell.exe
    ╔═════════════════════════════════════════════════════════════════════════╗
    ║ Looks like Playwright Test or Playwright was just installed or updated. ║
    ║ Please run the following command to download new browsers:              ║
    ║                                                                         ║
    ║     npx playwright install                                              ║
    ║                                                                         ║
    ║ <3 Playwright Team                                                      ║
    ╚═════════════════════════════════════════════════════════════════════════╝
]]>
</failure>
</testcase>
<testcase name="Performance Tests › should handle service worker functionality" classname="performance.spec.ts" time="0.019">
<failure message="performance.spec.ts:216:7 should handle service worker functionality" type="FAILURE">
<![CDATA[  [Mobile Chrome] › performance.spec.ts:216:7 › Performance Tests › should handle service worker functionality 

    Error: browserType.launch: Executable doesn't exist at C:\Users\Zummit\AppData\Local\ms-playwright\chromium_headless_shell-1187\chrome-win\headless_shell.exe
    ╔═════════════════════════════════════════════════════════════════════════╗
    ║ Looks like Playwright Test or Playwright was just installed or updated. ║
    ║ Please run the following command to download new browsers:              ║
    ║                                                                         ║
    ║     npx playwright install                                              ║
    ║                                                                         ║
    ║ <3 Playwright Team                                                      ║
    ╚═════════════════════════════════════════════════════════════════════════╝
]]>
</failure>
</testcase>
</testsuite>
<testsuite name="performance.spec.ts" timestamp="2025-09-03T13:35:43.525Z" hostname="Mobile Safari" tests="8" failures="8" skipped="0" time="0.157" errors="0">
<testcase name="Performance Tests › should load homepage within performance budget" classname="performance.spec.ts" time="0.02">
<failure message="performance.spec.ts:4:7 should load homepage within performance budget" type="FAILURE">
<![CDATA[  [Mobile Safari] › performance.spec.ts:4:7 › Performance Tests › should load homepage within performance budget 

    Error: browserType.launch: Executable doesn't exist at C:\Users\Zummit\AppData\Local\ms-playwright\webkit-2203\Playwright.exe
    ╔═════════════════════════════════════════════════════════════════════════╗
    ║ Looks like Playwright Test or Playwright was just installed or updated. ║
    ║ Please run the following command to download new browsers:              ║
    ║                                                                         ║
    ║     npx playwright install                                              ║
    ║                                                                         ║
    ║ <3 Playwright Team                                                      ║
    ╚═════════════════════════════════════════════════════════════════════════╝
]]>
</failure>
</testcase>
<testcase name="Performance Tests › should load inventory page efficiently" classname="performance.spec.ts" time="0.018">
<failure message="performance.spec.ts:41:7 should load inventory page efficiently" type="FAILURE">
<![CDATA[  [Mobile Safari] › performance.spec.ts:41:7 › Performance Tests › should load inventory page efficiently 

    Error: browserType.launch: Executable doesn't exist at C:\Users\Zummit\AppData\Local\ms-playwright\webkit-2203\Playwright.exe
    ╔═════════════════════════════════════════════════════════════════════════╗
    ║ Looks like Playwright Test or Playwright was just installed or updated. ║
    ║ Please run the following command to download new browsers:              ║
    ║                                                                         ║
    ║     npx playwright install                                              ║
    ║                                                                         ║
    ║ <3 Playwright Team                                                      ║
    ╚═════════════════════════════════════════════════════════════════════════╝
]]>
</failure>
</testcase>
<testcase name="Performance Tests › should handle vehicle detail page performance" classname="performance.spec.ts" time="0.024">
<failure message="performance.spec.ts:78:7 should handle vehicle detail page performance" type="FAILURE">
<![CDATA[  [Mobile Safari] › performance.spec.ts:78:7 › Performance Tests › should handle vehicle detail page performance 

    Error: browserType.launch: Executable doesn't exist at C:\Users\Zummit\AppData\Local\ms-playwright\webkit-2203\Playwright.exe
    ╔═════════════════════════════════════════════════════════════════════════╗
    ║ Looks like Playwright Test or Playwright was just installed or updated. ║
    ║ Please run the following command to download new browsers:              ║
    ║                                                                         ║
    ║     npx playwright install                                              ║
    ║                                                                         ║
    ║ <3 Playwright Team                                                      ║
    ╚═════════════════════════════════════════════════════════════════════════╝
]]>
</failure>
</testcase>
<testcase name="Performance Tests › should maintain performance during navigation" classname="performance.spec.ts" time="0.024">
<failure message="performance.spec.ts:120:7 should maintain performance during navigation" type="FAILURE">
<![CDATA[  [Mobile Safari] › performance.spec.ts:120:7 › Performance Tests › should maintain performance during navigation 

    Error: browserType.launch: Executable doesn't exist at C:\Users\Zummit\AppData\Local\ms-playwright\webkit-2203\Playwright.exe
    ╔═════════════════════════════════════════════════════════════════════════╗
    ║ Looks like Playwright Test or Playwright was just installed or updated. ║
    ║ Please run the following command to download new browsers:              ║
    ║                                                                         ║
    ║     npx playwright install                                              ║
    ║                                                                         ║
    ║ <3 Playwright Team                                                      ║
    ╚═════════════════════════════════════════════════════════════════════════╝
]]>
</failure>
</testcase>
<testcase name="Performance Tests › should handle mobile performance" classname="performance.spec.ts" time="0.014">
<failure message="performance.spec.ts:141:7 should handle mobile performance" type="FAILURE">
<![CDATA[  [Mobile Safari] › performance.spec.ts:141:7 › Performance Tests › should handle mobile performance 

    Error: browserType.launch: Executable doesn't exist at C:\Users\Zummit\AppData\Local\ms-playwright\webkit-2203\Playwright.exe
    ╔═════════════════════════════════════════════════════════════════════════╗
    ║ Looks like Playwright Test or Playwright was just installed or updated. ║
    ║ Please run the following command to download new browsers:              ║
    ║                                                                         ║
    ║     npx playwright install                                              ║
    ║                                                                         ║
    ║ <3 Playwright Team                                                      ║
    ╚═════════════════════════════════════════════════════════════════════════╝
]]>
</failure>
</testcase>
<testcase name="Performance Tests › should handle search and filtering performance" classname="performance.spec.ts" time="0.018">
<failure message="performance.spec.ts:164:7 should handle search and filtering performance" type="FAILURE">
<![CDATA[  [Mobile Safari] › performance.spec.ts:164:7 › Performance Tests › should handle search and filtering performance 

    Error: browserType.launch: Executable doesn't exist at C:\Users\Zummit\AppData\Local\ms-playwright\webkit-2203\Playwright.exe
    ╔═════════════════════════════════════════════════════════════════════════╗
    ║ Looks like Playwright Test or Playwright was just installed or updated. ║
    ║ Please run the following command to download new browsers:              ║
    ║                                                                         ║
    ║     npx playwright install                                              ║
    ║                                                                         ║
    ║ <3 Playwright Team                                                      ║
    ╚═════════════════════════════════════════════════════════════════════════╝
]]>
</failure>
</testcase>
<testcase name="Performance Tests › should handle image optimization" classname="performance.spec.ts" time="0.019">
<failure message="performance.spec.ts:198:7 should handle image optimization" type="FAILURE">
<![CDATA[  [Mobile Safari] › performance.spec.ts:198:7 › Performance Tests › should handle image optimization 

    Error: browserType.launch: Executable doesn't exist at C:\Users\Zummit\AppData\Local\ms-playwright\webkit-2203\Playwright.exe
    ╔═════════════════════════════════════════════════════════════════════════╗
    ║ Looks like Playwright Test or Playwright was just installed or updated. ║
    ║ Please run the following command to download new browsers:              ║
    ║                                                                         ║
    ║     npx playwright install                                              ║
    ║                                                                         ║
    ║ <3 Playwright Team                                                      ║
    ╚═════════════════════════════════════════════════════════════════════════╝
]]>
</failure>
</testcase>
<testcase name="Performance Tests › should handle service worker functionality" classname="performance.spec.ts" time="0.02">
<failure message="performance.spec.ts:216:7 should handle service worker functionality" type="FAILURE">
<![CDATA[  [Mobile Safari] › performance.spec.ts:216:7 › Performance Tests › should handle service worker functionality 

    Error: browserType.launch: Executable doesn't exist at C:\Users\Zummit\AppData\Local\ms-playwright\webkit-2203\Playwright.exe
    ╔═════════════════════════════════════════════════════════════════════════╗
    ║ Looks like Playwright Test or Playwright was just installed or updated. ║
    ║ Please run the following command to download new browsers:              ║
    ║                                                                         ║
    ║     npx playwright install                                              ║
    ║                                                                         ║
    ║ <3 Playwright Team                                                      ║
    ╚═════════════════════════════════════════════════════════════════════════╝
]]>
</failure>
</testcase>
</testsuite>
</testsuites>